module,class,test,test duration [seconds],test suite duration [seconds],test suite tests [number],test suite errors [number],test suite skipped [number],test suite failures [number],basedir
dhis-service-administration,org.hisp.dhis.maintenance.HardDeleteAuditTest,,0,0.003,1,0,1,0,/home/runner/work/dhis2-core/dhis2-core/dhis-2/dhis-services/dhis-service-administration
