module,class,test,test duration [seconds],test suite duration [seconds],test suite tests [number],test suite errors [number],test suite skipped [number],test suite failures [number],basedir
dhis-service-analytics,org.hisp.dhis.analytics.data.AnalyticsServiceTest,testMappingAggregation,46.089,171.217,4,0,0,0,/home/runner/work/dhis2-core/dhis2-core/dhis-2/dhis-services/dhis-service-analytics
dhis-service-analytics,org.hisp.dhis.analytics.data.AnalyticsServiceTest,queryValidationResultTable,41.134,171.217,4,0,0,0,/home/runner/work/dhis2-core/dhis2-core/dhis-2/dhis-services/dhis-service-analytics
dhis-service-analytics,org.hisp.dhis.analytics.data.AnalyticsServiceTest,testGridAggregation,42.103,171.217,4,0,0,0,/home/runner/work/dhis2-core/dhis2-core/dhis-2/dhis-services/dhis-service-analytics
dhis-service-analytics,org.hisp.dhis.analytics.data.AnalyticsServiceTest,testSetAggregation,41.879,171.217,4,0,0,0,/home/runner/work/dhis2-core/dhis2-core/dhis-2/dhis-services/dhis-service-analytics
